1234:jmhurban:Jozef:Miloslav:Hurban:Legal
4567:mrstefan:Milan:Rastislav:Stefanik:Defence
4563:jmurgas:Jozef::Murgas:Development
